------------------------------------------------------------
Timing Analyzer Summary
------------------------------------------------------------

Type  : Slow 1200mV 85C Model Setup 'clock'
Slack : 0.651
TNS   : 0.000

Type  : Slow 1200mV 85C Model Hold 'clock'
Slack : 0.297
TNS   : 0.000

Type  : Slow 1200mV 85C Model Recovery 'clock'
Slack : 8.257
TNS   : 0.000

Type  : Slow 1200mV 85C Model Removal 'clock'
Slack : 0.416
TNS   : 0.000

Type  : Slow 1200mV 85C Model Minimum Pulse Width 'clock'
Slack : 4.531
TNS   : 0.000

Type  : Slow 1200mV 0C Model Setup 'clock'
Slack : 1.641
TNS   : 0.000

Type  : Slow 1200mV 0C Model Hold 'clock'
Slack : 0.287
TNS   : 0.000

Type  : Slow 1200mV 0C Model Recovery 'clock'
Slack : 8.425
TNS   : 0.000

Type  : Slow 1200mV 0C Model Removal 'clock'
Slack : 0.414
TNS   : 0.000

Type  : Slow 1200mV 0C Model Minimum Pulse Width 'clock'
Slack : 4.554
TNS   : 0.000

Type  : Fast 1200mV 0C Model Setup 'clock'
Slack : 3.774
TNS   : 0.000

Type  : Fast 1200mV 0C Model Hold 'clock'
Slack : 0.140
TNS   : 0.000

Type  : Fast 1200mV 0C Model Recovery 'clock'
Slack : 8.928
TNS   : 0.000

Type  : Fast 1200mV 0C Model Removal 'clock'
Slack : 0.458
TNS   : 0.000

Type  : Fast 1200mV 0C Model Minimum Pulse Width 'clock'
Slack : 4.348
TNS   : 0.000

------------------------------------------------------------
