------------------------------------------------------------
Timing Analyzer Summary
------------------------------------------------------------

Type  : Slow 1200mV 85C Model Setup 'clock'
Slack : -4.364
TNS   : -525.901

Type  : Slow 1200mV 85C Model Hold 'clock'
Slack : 0.371
TNS   : 0.000

Type  : Slow 1200mV 85C Model Recovery 'clock'
Slack : 3.131
TNS   : 0.000

Type  : Slow 1200mV 85C Model Removal 'clock'
Slack : 0.413
TNS   : 0.000

Type  : Slow 1200mV 85C Model Minimum Pulse Width 'clock'
Slack : 0.550
TNS   : 0.000

Type  : Slow 1200mV 0C Model Setup 'clock'
Slack : -3.386
TNS   : -325.951

Type  : Slow 1200mV 0C Model Hold 'clock'
Slack : 0.337
TNS   : 0.000

Type  : Slow 1200mV 0C Model Recovery 'clock'
Slack : 3.226
TNS   : 0.000

Type  : Slow 1200mV 0C Model Removal 'clock'
Slack : 0.411
TNS   : 0.000

Type  : Slow 1200mV 0C Model Minimum Pulse Width 'clock'
Slack : 0.550
TNS   : 0.000

Type  : Fast 1200mV 0C Model Setup 'clock'
Slack : -0.621
TNS   : -7.829

Type  : Fast 1200mV 0C Model Hold 'clock'
Slack : 0.193
TNS   : 0.000

Type  : Fast 1200mV 0C Model Recovery 'clock'
Slack : 3.221
TNS   : 0.000

Type  : Fast 1200mV 0C Model Removal 'clock'
Slack : 0.456
TNS   : 0.000

Type  : Fast 1200mV 0C Model Minimum Pulse Width 'clock'
Slack : 0.550
TNS   : 0.000

------------------------------------------------------------
